// Jest Snapshot v1, https://goo.gl/fbAQLP

exports[`MinnaSelect component should render correctly 1`] = `
"<div class=\\"pos-r dif f-col  \\"><input id=\\"undefined\\" class=\\"select\\" tabindex=\\"0\\" placeholder=\\"Choose...\\" readonly=\\"\\" aria-haspopup=\\"listbox\\">
  <div class=\\"select-caret\\"></div>

  <div class=\\"select-listbox hide\\" role=\\"listbox\\"><div class=\\"option  option-active\\" value=\\"au\\" role=\\"option\\">Australia</div><div class=\\"option  \\" value=\\"jp\\" role=\\"option\\">Japan</div><div class=\\"option  \\" value=\\"kr\\" role=\\"option\\">Korea</div><div class=\\"option  \\" value=\\"other\\" role=\\"option\\">Other / Unknown</div>
    </div></div>"
`;
