// Jest Snapshot v1, https://goo.gl/fbAQLP

exports[`build-component tool compiles package css bundle 1`] = `
"/*!
 * test-component v1.2.3 (https://ui.wearegenki.com/)
 * Copyright 2020 We Are Genki
 * Apache 2.0 license - https://github.com/WeAreGenki/minna-ui/blob/master/LICENCE
 */
.text.svelte-10b3cch.svelte-10b3cch{color:red}.text.svelte-10b3cch.svelte-10b3cch:focus{background:#000}.wrapper.svelte-10b3cch>.text.svelte-10b3cch{margin-top:1rem}@media screen and (min-width:30em){body{margin:0}}
"
`;

exports[`build-component tool reports error on bad HTML syntax 1`] = `"Unexpected end of input"`;
